// Jest Snapshot v1, https://goo.gl/fbAQLP

exports[`Search field box renders 1`] = `ShallowWrapper {}`;
